=== Job SLURM demarre ===
Date debut : Mon Aug 17 17:12:28 EDT 2026
Node       : c480.nibi.sharcnet
Job ID     : 19990896
CPUs       : 16
Memoire    : 65536 MB
=========================

Split train/test + Normalisation + SMOTE (v3, strategie custom)
Date : 2026-08-17 17:12:54

Chargement du dataset selectionne...
  Shape : 2,520,798 lignes x 59 colonnes

Split train/test (67/33, stratifie)...
  Train : 1,688,934 lignes (67.0%)
  Test  : 831,864 lignes (33.0%)

Normalisation des features (StandardScaler)...
  Train : mean=-0.0000, std=1.0000
  Test  : mean=-0.0001, std=1.1645

Application de SMOTE avec strategie custom...
  Distribution AVANT SMOTE :
    Classe  0 :  1,403,688  (inchange)
    Classe  1 :      1,305  -> 30,000
    Classe  2 :     85,769  (inchange)
    Classe  3 :      6,891  -> 50,000
    Classe  4 :    115,807  (inchange)
    Classe  5 :      3,503  -> 50,000
    Classe  6 :      3,608  -> 50,000
    Classe  7 :      3,974  -> 50,000
    Classe  8 :          7  -> 500
    Classe  9 :         24  -> 1,000
    Classe 10 :     60,765  (inchange)
    Classe 11 :      2,157  -> 30,000
    Classe 12 :        985  -> 10,000
    Classe 13 :         14  -> 1,000
    Classe 14 :        437  -> 5,000

  k_neighbors utilise : 5
  (classe la plus petite : 7 exemples)

  Distribution APRES SMOTE :
    Classe  0 :  1,403,688
    Classe  1 :     30,000
    Classe  2 :     85,769
    Classe  3 :     50,000
    Classe  4 :    115,807
    Classe  5 :     50,000
    Classe  6 :     50,000
    Classe  7 :     50,000
    Classe  8 :        500
    Classe  9 :      1,000
    Classe 10 :     60,765
    Classe 11 :     30,000
    Classe 12 :     10,000
    Classe 13 :      1,000
    Classe 14 :      5,000
    Total       :  1,943,529

  Exemples synthetiques ajoutes : 254,595
  Ratio expansion global : 1.15x

Sauvegarde des artefacts...
  X_train.pkl          :   860.0 MB
  X_test.pkl           :   374.5 MB
  y_train.pkl          :    14.8 MB
  y_test.pkl           :    19.0 MB
  scaler.pkl           : 3.3 KB

Train final : 1,943,529 lignes x 58 features
Test final  : 831,864 lignes x 58 features

=== Job termine a : Mon Aug 17 17:13:07 EDT 2026 ===
