=== Job SLURM demarre ===
Date debut : Tue Aug 11 13:08:33 EDT 2026
Node       : c70.nibi.sharcnet
Job ID     : 19565207
CPUs       : 16
Memoire    : 32768 MB
=========================

============================================================
Feature Selection avec Random Forest (méthodologie du papier)
Date : 2026-08-11 13:08:43
============================================================

Chargement du dataset propre...
  Shape : 2,520,798 lignes × 79 colonnes

Séparation features / labels...
  Features (X) : 78 colonnes
  Labels (y)   : 2,520,798 valeurs

Entraînement du Random Forest sur le dataset complet
  2,520,798 lignes × 78 features
  100 arbres
  Durée estimée : 20 à 40 minutes

building tree 1 of 100
building tree 2 of 100
building tree 3 of 100
building tree 4 of 100
building tree 5 of 100
building tree 6 of 100
building tree 7 of 100
building tree 8 of 100
building tree 9 of 100
building tree 10 of 100
building tree 11 of 100
building tree 12 of 100
building tree 13 of 100
building tree 14 of 100
building tree 15 of 100
building tree 16 of 100
building tree 17 of 100
building tree 18 of 100
building tree 19 of 100
building tree 20 of 100
building tree 21 of 100
building tree 22 of 100
building tree 23 of 100
building tree 24 of 100
building tree 25 of 100
building tree 26 of 100
building tree 27 of 100
building tree 28 of 100
building tree 29 of 100
building tree 30 of 100
building tree 31 of 100
building tree 32 of 100
building tree 33 of 100
building tree 34 of 100
building tree 35 of 100
building tree 36 of 100
building tree 37 of 100
building tree 38 of 100
building tree 39 of 100
building tree 40 of 100
building tree 41 of 100
building tree 42 of 100
building tree 43 of 100
building tree 44 of 100
building tree 45 of 100
building tree 46 of 100
building tree 47 of 100
building tree 48 of 100
building tree 49 of 100
building tree 50 of 100
building tree 51 of 100
building tree 52 of 100
building tree 53 of 100
building tree 54 of 100
building tree 55 of 100
building tree 56 of 100
building tree 57 of 100
building tree 58 of 100
building tree 59 of 100
building tree 60 of 100
building tree 61 of 100
building tree 62 of 100
building tree 63 of 100
building tree 64 of 100
building tree 65 of 100
building tree 66 of 100
building tree 67 of 100
building tree 68 of 100
building tree 69 of 100
building tree 70 of 100
building tree 71 of 100
building tree 72 of 100
building tree 73 of 100
building tree 74 of 100
building tree 75 of 100
building tree 76 of 100
building tree 77 of 100
building tree 78 of 100
building tree 79 of 100
building tree 80 of 100
building tree 81 of 100
building tree 82 of 100
building tree 83 of 100
building tree 84 of 100
building tree 85 of 100
building tree 86 of 100
building tree 87 of 100
building tree 88 of 100
building tree 89 of 100
building tree 90 of 100
building tree 91 of 100
building tree 92 of 100
building tree 93 of 100
building tree 94 of 100
building tree 95 of 100
building tree 96 of 100
building tree 97 of 100
building tree 98 of 100
building tree 99 of 100
building tree 100 of 100

  Entraînement terminé en 0:00:52.283229

Sélection des 58 features les plus importantes...

  Top 10 features :
     1. Packet Length Variance                   0.06182
     2. Packet Length Std                        0.05985
     3. Avg Bwd Segment Size                     0.05651
     4. Max Packet Length                        0.04910
     5. Bwd Packet Length Max                    0.04224
     6. Bwd Packet Length Std                    0.04050
     7. Average Packet Size                      0.03973
     8. Total Length of Bwd Packets              0.03790
     9. Fwd Packet Length Max                    0.03424
    10. Total Length of Fwd Packets              0.03328

  Features 54-58 (les 5 dernières retenues) :
    54. Bwd IAT Std                              0.00228
    55. Fwd Packet Length Min                    0.00224
    56. Bwd IAT Min                              0.00204
    57. Active Mean                              0.00204
    58. Active Min                               0.00189

  5 features rejetées avec l'importance la plus faible :
    74. Bwd Avg Packets/Bulk                     0.00000
    75. Fwd Avg Packets/Bulk                     0.00000
    76. Fwd Avg Bytes/Bulk                       0.00000
    77. Bwd Avg Bytes/Bulk                       0.00000
    78. Fwd Avg Bulk Rate                        0.00000

  Importance cumulée des 58 top : 0.9934
  (sur un total de 1.0000)

Sauvegarde du dataset réduit...
  Données : data/processed/cicids2017_selected.pkl (1153.9 MB)
  Shape   : 2,520,798 lignes × 59 colonnes
  Features : data/processed/selected_features.pkl

Rapport sauvegardé : results/logs/feature_selection_20260811_130940.txt

============================================================
Feature selection terminée
Dataset final : 58 features + 1 label
============================================================

=== Job termine a : Tue Aug 11 13:09:40 EDT 2026 ===
